2025-10-27 15:42:14 - root - INFO - setup_logging:64 - ==================================================
2025-10-27 15:42:14 - root - INFO - setup_logging:65 - Alma Digital Title Export Application Started
2025-10-27 15:42:14 - root - INFO - setup_logging:66 - Log file: logs/alma_export_20251027_154214.log
2025-10-27 15:42:14 - root - INFO - setup_logging:67 - ==================================================
2025-10-27 15:42:14 - __main__ - INFO - <module>:593 - Application startup
2025-10-27 15:42:14 - __main__ - INFO - <module>:594 - Log file location: logs/alma_export_20251027_154214.log
2025-10-27 15:42:14 - asyncio - DEBUG - __init__:64 - Using selector: KqueueSelector
2025-10-27 15:42:14 - flet - INFO - __get_assets_dir_path:371 - Assets path configured: /Users/mcfatem/GitHub/alma-export-to-CSV/assets
2025-10-27 15:42:14 - flet - DEBUG - __init__:20 - Creating new PubSubHub instance
2025-10-27 15:42:14 - flet - DEBUG - __init__:20 - Creating new PubSubHub instance
2025-10-27 15:42:14 - flet - INFO - start:72 - Starting up UDS server on /var/folders/jc/p0y112bn30v3kkx1vfcvhczm5kr3r4/T/DVwDdSaEmg
2025-10-27 15:42:14 - flet - INFO - app_async:171 - Flet app has started...
2025-10-27 15:42:14 - flet - INFO - on_app_startup:131 - App URL: /var/folders/jc/p0y112bn30v3kkx1vfcvhczm5kr3r4/T/DVwDdSaEmg
2025-10-27 15:42:14 - flet_desktop - INFO - __locate_and_unpack_flet_view:62 - Starting Flet View app...
2025-10-27 15:42:14 - flet_desktop - INFO - __locate_and_unpack_flet_view:142 - Flet View found in: /Users/mcfatem/.flet/bin/flet-0.28.3
2025-10-27 15:42:14 - flet - DEBUG - handle_connection:88 - Connected new TCP client
2025-10-27 15:42:14 - flet - DEBUG - __on_message:121 - _on_message: {"action":"registerWebClient","payload":{"pageName":"var/folders","pageRoute":"/","pageWidth":"800.0","pageHeight":"600.0","windowWidth":"800.0","windowHeight":"628.0","windowTop":"134.0","windowLeft":"3992.0","isPWA":"false","isWeb":"false","isDebug":"false","platform":"macos","platformBrightness":"light","media":"{\"padding\":{\"top\":0.0,\"right\":0.0,\"bottom\":0.0,\"left\":0.0},\"view_padding\":{\"top\":0.0,\"right\":0.0,\"bottom\":0.0,\"left\":0.0},\"view_insets\":{\"top\":0.0,\"right\":0.0,\"bottom\":0.0,\"left\":0.0}}","sessionId":""}}
2025-10-27 15:42:14 - flet - DEBUG - __send:177 - __send: {"action":"registerWebClient","payload":{"session":{"id":"","controls":{"page":{"i":"page","t":"page","p":"","c":[],"route":"/","width":"800.0","height":"600.0","windowwidth":"800.0","windowheight":"628.0","windowtop":"134.0","windowleft":"3992.0","pwa":"false","web":"false","debug":"false","platform":"macos","platformBrightness":"light","media":"{\"padding\":{\"top\":0.0,\"right\":0.0,\"bottom\":0.0,\"left\":0.0},\"view_padding\":{\"top\":0.0,\"right\":0.0,\"bottom\":0.0,\"left\":0.0},\"view_insets\":{\"top\":0.0,\"right\":0.0,\"bottom\":0.0,\"left\":0.0}}"}}},"error":"","appInactive":false}}
2025-10-27 15:42:14 - flet - DEBUG - _process_command:85 - _process_command: get ['page', 'route'] {}
2025-10-27 15:42:14 - flet - DEBUG - _process_command:85 - _process_command: get ['page', 'pwa'] {}
2025-10-27 15:42:14 - flet - DEBUG - _process_command:85 - _process_command: get ['page', 'web'] {}
2025-10-27 15:42:14 - flet - DEBUG - _process_command:85 - _process_command: get ['page', 'debug'] {}
2025-10-27 15:42:14 - flet - DEBUG - _process_command:85 - _process_command: get ['page', 'platform'] {}
2025-10-27 15:42:14 - flet - DEBUG - _process_command:85 - _process_command: get ['page', 'platformBrightness'] {}
2025-10-27 15:42:14 - flet - DEBUG - _process_command:85 - _process_command: get ['page', 'media'] {}
2025-10-27 15:42:14 - flet - DEBUG - _process_command:85 - _process_command: get ['page', 'width'] {}
2025-10-27 15:42:14 - flet - DEBUG - _process_command:85 - _process_command: get ['page', 'height'] {}
2025-10-27 15:42:14 - flet - DEBUG - _process_command:85 - _process_command: get ['page', 'windowWidth'] {}
2025-10-27 15:42:14 - flet - DEBUG - _process_command:85 - _process_command: get ['page', 'windowHeight'] {}
2025-10-27 15:42:14 - flet - DEBUG - _process_command:85 - _process_command: get ['page', 'windowTop'] {}
2025-10-27 15:42:14 - flet - DEBUG - _process_command:85 - _process_command: get ['page', 'windowLeft'] {}
2025-10-27 15:42:14 - flet - DEBUG - _process_command:85 - _process_command: get ['page', 'clientIP'] {}
2025-10-27 15:42:14 - flet - DEBUG - _process_command:85 - _process_command: get ['page', 'clientUserAgent'] {}
2025-10-27 15:42:14 - flet - INFO - on_session_created:240 - App session started
2025-10-27 15:42:14 - __main__ - INFO - main:581 - Starting Flet application
2025-10-27 15:42:14 - flet - DEBUG - __send_loop:114 - sent to TCP: 604
2025-10-27 15:42:14 - __main__ - DEBUG - main:582 - Page details - title: None, theme: ThemeMode.SYSTEM
2025-10-27 15:42:14 - flet - DEBUG - __on_message:121 - _on_message: {"action":"pageEventFromWeb","payload":{"eventTarget":"page","eventName":"app_lifecycle_state_change","eventData":"show"}}
2025-10-27 15:42:14 - __main__.AlmaExportApp - INFO - __init__:391 - Initializing AlmaExportApp
2025-10-27 15:42:14 - flet - DEBUG - __on_message:121 - _on_message: {"action":"pageEventFromWeb","payload":{"eventTarget":"page","eventName":"app_lifecycle_state_change","eventData":"resume"}}
2025-10-27 15:42:14 - flet - DEBUG - _process_command:85 - _process_command: set ['page'] {'title': 'Alma Digital Title Export to CSV'}
2025-10-27 15:42:14 - flet - DEBUG - on_event_async:856 - page.on_event_async: page app_lifecycle_state_change show
2025-10-27 15:42:14 - flet - DEBUG - _process_command:85 - _process_command: add [] {'to': 'page', 'at': '0'}
2025-10-27 15:42:14 - flet - DEBUG - on_event_async:856 - page.on_event_async: page app_lifecycle_state_change resume
2025-10-27 15:42:14 - flet - DEBUG - _process_command:85 - _process_command: add [] {'to': 'page', 'at': '1'}
2025-10-27 15:42:14 - flet - DEBUG - __send:177 - __send: {"action":"pageControlsBatch","payload":[{"action":"updateControlProps","payload":{"props":[{"i":"page","title":"Alma Digital Title Export to CSV"}]}},{"action":"addPageControls","payload":{"controls":[{"t":"view","i":"_1","p":"page","c":["_2"],"at":"0","padding":"20","scroll":"adaptive"},{"t":"container","i":"_2","p":"_1","c":["_3"],"padding":"20"},{"t":"column","i":"_3","p":"_2","c":["_4","_5","_6","_7","_8","_9","_10","_11","_12","_13","_14","_15"],"horizontalalignment":"start","n":"content","spacing":"10"},{"t":"text","i":"_4","p":"_3","c":[],"color":"blue900","size":"24","value":"Alma Digital Title Export to CSV","weight":"bold"},{"t":"divider","i":"_5","p":"_3","c":[],"color":"blue200","height":"20"},{"t":"text","i":"_6","p":"_3","c":[],"color":"grey700","size":"14","value":"Search for digital titles in Alma and export metadata to CSV"},{"t":"container","i":"_7","p":"_3","c":[],"height":"20"},{"t":"textfield","i":"_8","p":"_3","c":[],"canrevealpassword":"true","hinttext":"Enter your Alma API key","label":"Alma API Key","password":"true","value":"l8xx948a6fc96754492f89820aa25a064b06","width":"400"},{"t":"textfield","i":"_9","p":"_3","c":[],"hinttext":"Enter title to search","label":"Title Search","width":"400"},{"t":"container","i":"_10","p":"_3","c":[],"height":"10"},{"t":"elevatedbutton","i":"_11","p":"_3","c":[],"icon":"search","style":"{\"padding\":{},\"side\":{},\"shape\":{},\"text_style\":{}}","text":"Search and Export"},{"t":"progressbar","i":"_12","p":"_3","c":[],"visible":"false","width":"400"},{"t":"container","i":"_13","p":"_3","c":[],"height":"20"},{"t":"text","i":"_14","p":"_3","c":[],"color":"blue700","size":"14"},{"t":"text","i":"_15","p":"_3","c":[],"selectable":"true","size":"14"}],"trimIDs":[]}},{"action":"addPageControls","payload":{"controls":[{"t":"offstage","i":"_16","p":"page","c":[],"at":"1"}],"trimIDs":[]}}]}
2025-10-27 15:42:14 - __main__ - INFO - main:586 - Application initialized successfully
2025-10-27 15:42:14 - flet - DEBUG - __send_loop:114 - sent to TCP: 1874
2025-10-27 15:42:16 - flet - DEBUG - __on_message:121 - _on_message: {"action":"pageEventFromWeb","payload":{"eventTarget":"_9","eventName":"focus","eventData":null}}
2025-10-27 15:42:16 - flet - DEBUG - on_event_async:856 - page.on_event_async: _9 focus None
2025-10-27 15:42:16 - flet - DEBUG - __on_message:121 - _on_message: {"action":"pageEventFromWeb","payload":{"eventTarget":"_9","eventName":"click","eventData":null}}
2025-10-27 15:42:16 - flet - DEBUG - on_event_async:856 - page.on_event_async: _9 click None
2025-10-27 15:42:16 - flet - DEBUG - __on_message:121 - _on_message: {"action":"updateControlProps","payload":{"props":[{"i":"_9","value":"g"}]}}
2025-10-27 15:42:16 - flet - DEBUG - on_event_async:856 - page.on_event_async: page change [{"i":"_9","value":"g"}]
2025-10-27 15:42:17 - flet - DEBUG - __on_message:121 - _on_message: {"action":"updateControlProps","payload":{"props":[{"i":"_9","value":"gr"}]}}
2025-10-27 15:42:17 - flet - DEBUG - on_event_async:856 - page.on_event_async: page change [{"i":"_9","value":"gr"}]
2025-10-27 15:42:17 - flet - DEBUG - __on_message:121 - _on_message: {"action":"updateControlProps","payload":{"props":[{"i":"_9","value":"gri"}]}}
2025-10-27 15:42:17 - flet - DEBUG - on_event_async:856 - page.on_event_async: page change [{"i":"_9","value":"gri"}]
2025-10-27 15:42:17 - flet - DEBUG - __on_message:121 - _on_message: {"action":"updateControlProps","payload":{"props":[{"i":"_9","value":"grin"}]}}
2025-10-27 15:42:17 - flet - DEBUG - on_event_async:856 - page.on_event_async: page change [{"i":"_9","value":"grin"}]
2025-10-27 15:42:17 - flet - DEBUG - __on_message:121 - _on_message: {"action":"updateControlProps","payload":{"props":[{"i":"_9","value":"grinn"}]}}
2025-10-27 15:42:17 - flet - DEBUG - on_event_async:856 - page.on_event_async: page change [{"i":"_9","value":"grinn"}]
2025-10-27 15:42:17 - flet - DEBUG - __on_message:121 - _on_message: {"action":"updateControlProps","payload":{"props":[{"i":"_9","value":"grinne"}]}}
2025-10-27 15:42:17 - flet - DEBUG - on_event_async:856 - page.on_event_async: page change [{"i":"_9","value":"grinne"}]
2025-10-27 15:42:17 - flet - DEBUG - __on_message:121 - _on_message: {"action":"updateControlProps","payload":{"props":[{"i":"_9","value":"grinnel"}]}}
2025-10-27 15:42:17 - flet - DEBUG - on_event_async:856 - page.on_event_async: page change [{"i":"_9","value":"grinnel"}]
2025-10-27 15:42:18 - flet - DEBUG - __on_message:121 - _on_message: {"action":"updateControlProps","payload":{"props":[{"i":"_9","value":"grinnell"}]}}
2025-10-27 15:42:18 - flet - DEBUG - on_event_async:856 - page.on_event_async: page change [{"i":"_9","value":"grinnell"}]
2025-10-27 15:42:20 - flet - DEBUG - __on_message:121 - _on_message: {"action":"pageEventFromWeb","payload":{"eventTarget":"_9","eventName":"blur","eventData":null}}
2025-10-27 15:42:20 - flet - DEBUG - on_event_async:856 - page.on_event_async: _9 blur None
2025-10-27 15:42:20 - flet - DEBUG - __on_message:121 - _on_message: {"action":"pageEventFromWeb","payload":{"eventTarget":"_11","eventName":"click","eventData":null}}
2025-10-27 15:42:20 - flet - DEBUG - on_event_async:856 - page.on_event_async: _11 click None
2025-10-27 15:42:20 - __main__.AlmaExportApp - INFO - search_and_export:479 - Search and export operation started
2025-10-27 15:42:20 - __main__.AlmaExportApp - DEBUG - search_and_export:485 - Input validation - API key length: 36, Search query: 'grinnell'
2025-10-27 15:42:20 - __main__.AlmaExportApp - INFO - search_and_export:498 - Initializing Alma API client
2025-10-27 15:42:20 - __main__.AlmaAPIClient - INFO - __init__:93 - Initializing AlmaAPIClient with almapipy for region: na
2025-10-27 15:42:20 - __main__.AlmaAPIClient - INFO - __init__:95 - AlmaAPIClient initialized successfully
2025-10-27 15:42:20 - __main__.AlmaAPIClient - DEBUG - __init__:96 - API key length: 36 characters
2025-10-27 15:42:20 - flet - DEBUG - _process_command:85 - _process_command: set ['_11'] {'disabled': 'true'}
2025-10-27 15:42:20 - flet - DEBUG - _process_command:85 - _process_command: set ['_12'] {'visible': 'true'}
2025-10-27 15:42:20 - flet - DEBUG - _process_command:85 - _process_command: set ['_14'] {'value': 'Searching for digital titles...'}
2025-10-27 15:42:20 - flet - DEBUG - __send:177 - __send: {"action":"pageControlsBatch","payload":[{"action":"updateControlProps","payload":{"props":[{"i":"_11","disabled":"true"}]}},{"action":"updateControlProps","payload":{"props":[{"i":"_12","visible":"true"}]}},{"action":"updateControlProps","payload":{"props":[{"i":"_14","value":"Searching for digital titles..."}]}}]}
2025-10-27 15:42:20 - __main__.AlmaExportApp - INFO - search_and_export:510 - Starting search operation at 2025-10-27 15:42:20.326934
2025-10-27 15:42:20 - __main__.AlmaExportApp - INFO - search_and_export:514 - Executing search for query: 'grinnell'
2025-10-27 15:42:20 - flet - DEBUG - __send_loop:114 - sent to TCP: 321
2025-10-27 15:42:20 - __main__.AlmaAPIClient - INFO - search_bibs:109 - Starting bibliographic search for query: 'grinnell'
2025-10-27 15:42:20 - __main__.AlmaAPIClient - DEBUG - search_bibs:110 - Search parameters - limit: 100
2025-10-27 15:42:20 - __main__.AlmaAPIClient - DEBUG - search_bibs:118 - Constructed API search query: title~grinnell
2025-10-27 15:42:20 - __main__.AlmaAPIClient - DEBUG - search_bibs:123 - Page 1: Requesting 100 records starting at offset 0
2025-10-27 15:42:20 - __main__.AlmaAPIClient - ERROR - search_bibs:156 - API request failed on page 1: SubClientBibsCatalog.get() got an unexpected keyword argument 'q'
2025-10-27 15:42:20 - __main__.AlmaAPIClient - DEBUG - search_bibs:157 - Failed request details - query: title~grinnell, limit: 100, offset: 0
2025-10-27 15:42:20 - __main__.AlmaExportApp - ERROR - search_and_export:546 - Search and export failed: API request failed: SubClientBibsCatalog.get() got an unexpected keyword argument 'q'
Traceback (most recent call last):
  File "/Users/mcfatem/GitHub/alma-export-to-CSV/app.py", line 126, in search_bibs
    response = self.cnxn.bibs.catalog.get(
        q=search_query,
    ...<2 lines>...
        expand="p_avail,e_avail,d_avail"
    )
TypeError: SubClientBibsCatalog.get() got an unexpected keyword argument 'q'

During handling of the above exception, another exception occurred:

Traceback (most recent call last):
  File "/Users/mcfatem/GitHub/alma-export-to-CSV/app.py", line 515, in search_and_export
    bibs = self.api_client.search_bibs(search_query)
  File "/Users/mcfatem/GitHub/alma-export-to-CSV/app.py", line 158, in search_bibs
    raise Exception(f"API request failed: {str(e)}")
Exception: API request failed: SubClientBibsCatalog.get() got an unexpected keyword argument 'q'
2025-10-27 15:42:20 - __main__.AlmaExportApp - ERROR - show_error:557 - Displaying error to user: Error: API request failed: SubClientBibsCatalog.get() got an unexpected keyword argument 'q'
2025-10-27 15:42:20 - flet - DEBUG - _process_command:85 - _process_command: set ['_14'] {'color': 'red700', 'value': "‚ùå Error: API request failed: SubClientBibsCatalog.get() got an unexpected keyword argument 'q'"}
2025-10-27 15:42:20 - flet - DEBUG - __send:177 - __send: {"action":"pageControlsBatch","payload":[{"action":"updateControlProps","payload":{"props":[{"i":"_14","color":"red700","value":"\u274c Error: API request failed: SubClientBibsCatalog.get() got an unexpected keyword argument 'q'"}]}}]}
2025-10-27 15:42:20 - flet - DEBUG - _process_command:85 - _process_command: set ['_11'] {'disabled': 'false'}
2025-10-27 15:42:20 - flet - DEBUG - _process_command:85 - _process_command: set ['_12'] {'visible': 'false'}
2025-10-27 15:42:20 - flet - DEBUG - __send:177 - __send: {"action":"pageControlsBatch","payload":[{"action":"updateControlProps","payload":{"props":[{"i":"_11","disabled":"false"}]}},{"action":"updateControlProps","payload":{"props":[{"i":"_12","visible":"false"}]}}]}
2025-10-27 15:42:20 - flet - DEBUG - __send_loop:114 - sent to TCP: 239
2025-10-27 15:42:20 - __main__.AlmaExportApp - DEBUG - search_and_export:553 - UI reset completed
2025-10-27 15:42:20 - flet - DEBUG - __send_loop:114 - sent to TCP: 215
2025-10-27 15:42:31 - flet - DEBUG - __on_message:121 - _on_message: {"action":"pageEventFromWeb","payload":{"eventTarget":"page","eventName":"app_lifecycle_state_change","eventData":"inactive"}}
2025-10-27 15:42:31 - flet - DEBUG - on_event_async:856 - page.on_event_async: page app_lifecycle_state_change inactive
2025-10-27 15:42:31 - flet - DEBUG - __on_message:121 - _on_message: {"action":"updateControlProps","payload":{"props":[{"i":"page","windowwidth":"800.0","windowheight":"628.0","windowtop":"134.0","windowleft":"3992.0","windowminimized":"false","windowmaximized":"false","windowfocused":"false","windowfullscreen":"false"}]}}
2025-10-27 15:42:31 - flet - DEBUG - __on_message:121 - _on_message: {"action":"pageEventFromWeb","payload":{"eventTarget":"page","eventName":"window_event","eventData":"blur"}}
2025-10-27 15:42:31 - flet - DEBUG - on_event_async:856 - page.on_event_async: page change [{"i":"page","windowwidth":"800.0","windowheight":"628.0","windowtop":"134.0","windowleft":"3992.0","windowminimized":"false","windowmaximized":"false","windowfocused":"false","windowfullscreen":"false"}]
2025-10-27 15:42:31 - flet - DEBUG - on_event_async:856 - page.on_event_async: page window_event blur
2025-10-27 15:42:31 - flet - DEBUG - __on_message:121 - _on_message: {"action":"pageEventFromWeb","payload":{"eventTarget":"page","eventName":"app_lifecycle_state_change","eventData":"hide"}}
2025-10-27 15:42:31 - flet - DEBUG - on_event_async:856 - page.on_event_async: page app_lifecycle_state_change hide
2025-10-27 15:43:26 - flet - DEBUG - exit_gracefully:141 - Gracefully terminating Flet app...
2025-10-27 15:43:26 - flet_desktop - DEBUG - close_flet_view:53 - Flet View process 72564
2025-10-27 15:43:26 - flet - DEBUG - close:181 - Closing connection...
2025-10-27 15:43:26 - flet - DEBUG - close:183 - Disconnecting all pages...
2025-10-27 15:43:26 - flet - DEBUG - on_event_async:856 - page.on_event_async: page disconnect 
2025-10-27 15:43:26 - flet - DEBUG - close:189 - Shutting down thread pool...
2025-10-27 15:43:26 - __main__ - INFO - <module>:602 - Application shutdown
2025-10-27 15:43:26 - root - INFO - <module>:603 - ==================================================
